frontend.navtiming.connecting.by_continent.Europe:0|ms
frontend.navtiming.connecting.by_continent.North_America:0|ms
frontend.navtiming.connecting.by_continent.South_America:0|ms
frontend.navtiming.connecting.by_country.Argentina:0|ms
frontend.navtiming.connecting.by_country.Canada:0|ms
frontend.navtiming.connecting.by_country.Italy:0|ms
frontend.navtiming.dnsLookup.by_continent.Europe:0|ms
frontend.navtiming.dnsLookup.by_continent.Europe:0|ms
frontend.navtiming.dnsLookup.by_continent.Europe:0|ms
frontend.navtiming.dnsLookup.by_continent.Europe:0|ms
frontend.navtiming.dnsLookup.by_continent.North_America:0|ms
frontend.navtiming.dnsLookup.by_continent.North_America:0|ms
frontend.navtiming.dnsLookup.by_continent.South_America:0|ms
frontend.navtiming.dnsLookup.by_country.Argentina:0|ms
frontend.navtiming.dnsLookup.by_country.Canada:0|ms
frontend.navtiming.dnsLookup.by_country.France:0|ms
frontend.navtiming.dnsLookup.by_country.Italy:0|ms
frontend.navtiming.dnsLookup.by_country.United_Kingdom:0|ms
frontend.navtiming.dnsLookup.by_country.United_Kingdom:0|ms
frontend.navtiming.dnsLookup.by_country.United_States:0|ms
frontend.navtiming.domComplete.by_browser.Chrome.60:1471|ms
frontend.navtiming.domComplete.by_browser.Chrome.all:1471|ms
frontend.navtiming.domComplete.by_browser.Chrome_Mobile.57:2880|ms
frontend.navtiming.domComplete.by_browser.Chrome_Mobile.59:5921|ms
frontend.navtiming.domComplete.by_browser.Chrome_Mobile.all:2880|ms
frontend.navtiming.domComplete.by_browser.Chrome_Mobile.all:5921|ms
frontend.navtiming.domComplete.by_browser.Mobile_Safari.10_0:2381|ms
frontend.navtiming.domComplete.by_browser.Mobile_Safari.10_0:343|ms
frontend.navtiming.domComplete.by_browser.Mobile_Safari.all:2381|ms
frontend.navtiming.domComplete.by_browser.Mobile_Safari.all:343|ms
frontend.navtiming.domComplete.by_browser.Other._:455|ms
frontend.navtiming.domComplete.by_browser.Other.all:455|ms
frontend.navtiming.domComplete.by_browser.iOS_other.8:5513|ms
frontend.navtiming.domComplete.by_browser.iOS_other.all:5513|ms
frontend.navtiming.domComplete.by_continent.Europe:1471|ms
frontend.navtiming.domComplete.by_continent.Europe:2381|ms
frontend.navtiming.domComplete.by_continent.Europe:5513|ms
frontend.navtiming.domComplete.by_continent.Europe:5921|ms
frontend.navtiming.domComplete.by_continent.North_America:343|ms
frontend.navtiming.domComplete.by_continent.North_America:455|ms
frontend.navtiming.domComplete.by_continent.South_America:2880|ms
frontend.navtiming.domComplete.by_country.Argentina:2880|ms
frontend.navtiming.domComplete.by_country.Canada:455|ms
frontend.navtiming.domComplete.by_country.France:1471|ms
frontend.navtiming.domComplete.by_country.Italy:5921|ms
frontend.navtiming.domComplete.by_country.United_Kingdom:2381|ms
frontend.navtiming.domComplete.by_country.United_Kingdom:5513|ms
frontend.navtiming.domComplete.by_country.United_States:343|ms
frontend.navtiming.domComplete.desktop.anonymous:1471|ms
frontend.navtiming.domComplete.desktop.anonymous:5513|ms
frontend.navtiming.domComplete.desktop.overall:1471|ms
frontend.navtiming.domComplete.desktop.overall:5513|ms
frontend.navtiming.domComplete.mobile.anonymous:2381|ms
frontend.navtiming.domComplete.mobile.anonymous:2880|ms
frontend.navtiming.domComplete.mobile.anonymous:343|ms
frontend.navtiming.domComplete.mobile.anonymous:455|ms
frontend.navtiming.domComplete.mobile.anonymous:5921|ms
frontend.navtiming.domComplete.mobile.overall:2381|ms
frontend.navtiming.domComplete.mobile.overall:2880|ms
frontend.navtiming.domComplete.mobile.overall:343|ms
frontend.navtiming.domComplete.mobile.overall:455|ms
frontend.navtiming.domComplete.mobile.overall:5921|ms
frontend.navtiming.domComplete.overall:1471|ms
frontend.navtiming.domComplete.overall:2381|ms
frontend.navtiming.domComplete.overall:2880|ms
frontend.navtiming.domComplete.overall:343|ms
frontend.navtiming.domComplete.overall:455|ms
frontend.navtiming.domComplete.overall:5513|ms
frontend.navtiming.domComplete.overall:5921|ms
frontend.navtiming.domInteractive.by_browser.Chrome.60:476|ms
frontend.navtiming.domInteractive.by_browser.Chrome.all:476|ms
frontend.navtiming.domInteractive.by_browser.Chrome_Mobile.57:2867|ms
frontend.navtiming.domInteractive.by_browser.Chrome_Mobile.59:1818|ms
frontend.navtiming.domInteractive.by_browser.Chrome_Mobile.all:1818|ms
frontend.navtiming.domInteractive.by_browser.Chrome_Mobile.all:2867|ms
frontend.navtiming.domInteractive.by_browser.Mobile_Safari.10_0:1072|ms
frontend.navtiming.domInteractive.by_browser.Mobile_Safari.10_0:204|ms
frontend.navtiming.domInteractive.by_browser.Mobile_Safari.all:1072|ms
frontend.navtiming.domInteractive.by_browser.Mobile_Safari.all:204|ms
frontend.navtiming.domInteractive.by_browser.Other._:266|ms
frontend.navtiming.domInteractive.by_browser.Other.all:266|ms
frontend.navtiming.domInteractive.by_browser.iOS_other.8:715|ms
frontend.navtiming.domInteractive.by_browser.iOS_other.all:715|ms
frontend.navtiming.domInteractive.by_continent.Europe:1072|ms
frontend.navtiming.domInteractive.by_continent.Europe:1818|ms
frontend.navtiming.domInteractive.by_continent.Europe:476|ms
frontend.navtiming.domInteractive.by_continent.Europe:715|ms
frontend.navtiming.domInteractive.by_continent.North_America:204|ms
frontend.navtiming.domInteractive.by_continent.North_America:266|ms
frontend.navtiming.domInteractive.by_continent.South_America:2867|ms
frontend.navtiming.domInteractive.by_country.Argentina:2867|ms
frontend.navtiming.domInteractive.by_country.Canada:266|ms
frontend.navtiming.domInteractive.by_country.France:476|ms
frontend.navtiming.domInteractive.by_country.Italy:1818|ms
frontend.navtiming.domInteractive.by_country.United_Kingdom:1072|ms
frontend.navtiming.domInteractive.by_country.United_Kingdom:715|ms
frontend.navtiming.domInteractive.by_country.United_States:204|ms
frontend.navtiming.domInteractive.desktop.anonymous:476|ms
frontend.navtiming.domInteractive.desktop.anonymous:715|ms
frontend.navtiming.domInteractive.desktop.overall:476|ms
frontend.navtiming.domInteractive.desktop.overall:715|ms
frontend.navtiming.domInteractive.mobile.anonymous:1072|ms
frontend.navtiming.domInteractive.mobile.anonymous:1818|ms
frontend.navtiming.domInteractive.mobile.anonymous:204|ms
frontend.navtiming.domInteractive.mobile.anonymous:266|ms
frontend.navtiming.domInteractive.mobile.anonymous:2867|ms
frontend.navtiming.domInteractive.mobile.overall:1072|ms
frontend.navtiming.domInteractive.mobile.overall:1818|ms
frontend.navtiming.domInteractive.mobile.overall:204|ms
frontend.navtiming.domInteractive.mobile.overall:266|ms
frontend.navtiming.domInteractive.mobile.overall:2867|ms
frontend.navtiming.domInteractive.overall:1072|ms
frontend.navtiming.domInteractive.overall:1818|ms
frontend.navtiming.domInteractive.overall:204|ms
frontend.navtiming.domInteractive.overall:266|ms
frontend.navtiming.domInteractive.overall:2867|ms
frontend.navtiming.domInteractive.overall:476|ms
frontend.navtiming.domInteractive.overall:715|ms
frontend.navtiming.fetchStart.by_browser.Chrome_Mobile.57:2|ms
frontend.navtiming.fetchStart.by_browser.Chrome_Mobile.59:170|ms
frontend.navtiming.fetchStart.by_browser.Chrome_Mobile.all:170|ms
frontend.navtiming.fetchStart.by_browser.Chrome_Mobile.all:2|ms
frontend.navtiming.fetchStart.by_browser.Other._:1|ms
frontend.navtiming.fetchStart.by_browser.Other.all:1|ms
frontend.navtiming.fetchStart.by_continent.Europe:170|ms
frontend.navtiming.fetchStart.by_continent.North_America:1|ms
frontend.navtiming.fetchStart.by_continent.South_America:2|ms
frontend.navtiming.fetchStart.by_country.Argentina:2|ms
frontend.navtiming.fetchStart.by_country.Canada:1|ms
frontend.navtiming.fetchStart.by_country.Italy:170|ms
frontend.navtiming.fetchStart.mobile.anonymous:170|ms
frontend.navtiming.fetchStart.mobile.anonymous:1|ms
frontend.navtiming.fetchStart.mobile.anonymous:2|ms
frontend.navtiming.fetchStart.mobile.overall:170|ms
frontend.navtiming.fetchStart.mobile.overall:1|ms
frontend.navtiming.fetchStart.mobile.overall:2|ms
frontend.navtiming.fetchStart.overall:170|ms
frontend.navtiming.fetchStart.overall:1|ms
frontend.navtiming.fetchStart.overall:2|ms
frontend.navtiming.firstPaint.by_browser.Chrome.60:754|ms
frontend.navtiming.firstPaint.by_browser.Chrome.all:754|ms
frontend.navtiming.firstPaint.by_browser.Chrome_Mobile.57:2858|ms
frontend.navtiming.firstPaint.by_browser.Chrome_Mobile.59:424|ms
frontend.navtiming.firstPaint.by_browser.Chrome_Mobile.all:2858|ms
frontend.navtiming.firstPaint.by_browser.Chrome_Mobile.all:424|ms
frontend.navtiming.firstPaint.by_continent.Europe:424|ms
frontend.navtiming.firstPaint.by_continent.Europe:754|ms
frontend.navtiming.firstPaint.by_continent.South_America:2858|ms
frontend.navtiming.firstPaint.by_country.Argentina:2858|ms
frontend.navtiming.firstPaint.by_country.France:754|ms
frontend.navtiming.firstPaint.by_country.Italy:424|ms
frontend.navtiming.firstPaint.desktop.anonymous:754|ms
frontend.navtiming.firstPaint.desktop.overall:754|ms
frontend.navtiming.firstPaint.mobile.anonymous:2858|ms
frontend.navtiming.firstPaint.mobile.anonymous:424|ms
frontend.navtiming.firstPaint.mobile.overall:2858|ms
frontend.navtiming.firstPaint.mobile.overall:424|ms
frontend.navtiming.firstPaint.overall:2858|ms
frontend.navtiming.firstPaint.overall:424|ms
frontend.navtiming.firstPaint.overall:754|ms
frontend.navtiming.loadEventEnd.by_browser.Chrome.60:1499|ms
frontend.navtiming.loadEventEnd.by_browser.Chrome.all:1499|ms
frontend.navtiming.loadEventEnd.by_browser.Chrome_Mobile.57:2880|ms
frontend.navtiming.loadEventEnd.by_browser.Chrome_Mobile.59:5925|ms
frontend.navtiming.loadEventEnd.by_browser.Chrome_Mobile.all:2880|ms
frontend.navtiming.loadEventEnd.by_browser.Chrome_Mobile.all:5925|ms
frontend.navtiming.loadEventEnd.by_browser.Mobile_Safari.10_0:2427|ms
frontend.navtiming.loadEventEnd.by_browser.Mobile_Safari.10_0:350|ms
frontend.navtiming.loadEventEnd.by_browser.Mobile_Safari.all:2427|ms
frontend.navtiming.loadEventEnd.by_browser.Mobile_Safari.all:350|ms
frontend.navtiming.loadEventEnd.by_browser.Other._:479|ms
frontend.navtiming.loadEventEnd.by_browser.Other.all:479|ms
frontend.navtiming.loadEventEnd.by_browser.iOS_other.8:5899|ms
frontend.navtiming.loadEventEnd.by_browser.iOS_other.all:5899|ms
frontend.navtiming.loadEventEnd.by_continent.Europe:1499|ms
frontend.navtiming.loadEventEnd.by_continent.Europe:2427|ms
frontend.navtiming.loadEventEnd.by_continent.Europe:5899|ms
frontend.navtiming.loadEventEnd.by_continent.Europe:5925|ms
frontend.navtiming.loadEventEnd.by_continent.North_America:350|ms
frontend.navtiming.loadEventEnd.by_continent.North_America:479|ms
frontend.navtiming.loadEventEnd.by_continent.South_America:2880|ms
frontend.navtiming.loadEventEnd.by_country.Argentina:2880|ms
frontend.navtiming.loadEventEnd.by_country.Canada:479|ms
frontend.navtiming.loadEventEnd.by_country.France:1499|ms
frontend.navtiming.loadEventEnd.by_country.Italy:5925|ms
frontend.navtiming.loadEventEnd.by_country.United_Kingdom:2427|ms
frontend.navtiming.loadEventEnd.by_country.United_Kingdom:5899|ms
frontend.navtiming.loadEventEnd.by_country.United_States:350|ms
frontend.navtiming.loadEventEnd.desktop.anonymous:1499|ms
frontend.navtiming.loadEventEnd.desktop.anonymous:5899|ms
frontend.navtiming.loadEventEnd.desktop.overall:1499|ms
frontend.navtiming.loadEventEnd.desktop.overall:5899|ms
frontend.navtiming.loadEventEnd.mobile.anonymous:2427|ms
frontend.navtiming.loadEventEnd.mobile.anonymous:2880|ms
frontend.navtiming.loadEventEnd.mobile.anonymous:350|ms
frontend.navtiming.loadEventEnd.mobile.anonymous:479|ms
frontend.navtiming.loadEventEnd.mobile.anonymous:5925|ms
frontend.navtiming.loadEventEnd.mobile.overall:2427|ms
frontend.navtiming.loadEventEnd.mobile.overall:2880|ms
frontend.navtiming.loadEventEnd.mobile.overall:350|ms
frontend.navtiming.loadEventEnd.mobile.overall:479|ms
frontend.navtiming.loadEventEnd.mobile.overall:5925|ms
frontend.navtiming.loadEventEnd.overall:1499|ms
frontend.navtiming.loadEventEnd.overall:2427|ms
frontend.navtiming.loadEventEnd.overall:2880|ms
frontend.navtiming.loadEventEnd.overall:350|ms
frontend.navtiming.loadEventEnd.overall:479|ms
frontend.navtiming.loadEventEnd.overall:5899|ms
frontend.navtiming.loadEventEnd.overall:5925|ms
frontend.navtiming.loadEventStart.by_browser.Chrome.60:1472|ms
frontend.navtiming.loadEventStart.by_browser.Chrome.all:1472|ms
frontend.navtiming.loadEventStart.by_browser.Chrome_Mobile.57:2880|ms
frontend.navtiming.loadEventStart.by_browser.Chrome_Mobile.59:5924|ms
frontend.navtiming.loadEventStart.by_browser.Chrome_Mobile.all:2880|ms
frontend.navtiming.loadEventStart.by_browser.Chrome_Mobile.all:5924|ms
frontend.navtiming.loadEventStart.by_browser.Mobile_Safari.10_0:2381|ms
frontend.navtiming.loadEventStart.by_browser.Mobile_Safari.10_0:343|ms
frontend.navtiming.loadEventStart.by_browser.Mobile_Safari.all:2381|ms
frontend.navtiming.loadEventStart.by_browser.Mobile_Safari.all:343|ms
frontend.navtiming.loadEventStart.by_browser.Other._:456|ms
frontend.navtiming.loadEventStart.by_browser.Other.all:456|ms
frontend.navtiming.loadEventStart.by_browser.iOS_other.8:5513|ms
frontend.navtiming.loadEventStart.by_browser.iOS_other.all:5513|ms
frontend.navtiming.loadEventStart.by_continent.Europe:1472|ms
frontend.navtiming.loadEventStart.by_continent.Europe:2381|ms
frontend.navtiming.loadEventStart.by_continent.Europe:5513|ms
frontend.navtiming.loadEventStart.by_continent.Europe:5924|ms
frontend.navtiming.loadEventStart.by_continent.North_America:343|ms
frontend.navtiming.loadEventStart.by_continent.North_America:456|ms
frontend.navtiming.loadEventStart.by_continent.South_America:2880|ms
frontend.navtiming.loadEventStart.by_country.Argentina:2880|ms
frontend.navtiming.loadEventStart.by_country.Canada:456|ms
frontend.navtiming.loadEventStart.by_country.France:1472|ms
frontend.navtiming.loadEventStart.by_country.Italy:5924|ms
frontend.navtiming.loadEventStart.by_country.United_Kingdom:2381|ms
frontend.navtiming.loadEventStart.by_country.United_Kingdom:5513|ms
frontend.navtiming.loadEventStart.by_country.United_States:343|ms
frontend.navtiming.loadEventStart.desktop.anonymous:1472|ms
frontend.navtiming.loadEventStart.desktop.anonymous:5513|ms
frontend.navtiming.loadEventStart.desktop.overall:1472|ms
frontend.navtiming.loadEventStart.desktop.overall:5513|ms
frontend.navtiming.loadEventStart.mobile.anonymous:2381|ms
frontend.navtiming.loadEventStart.mobile.anonymous:2880|ms
frontend.navtiming.loadEventStart.mobile.anonymous:343|ms
frontend.navtiming.loadEventStart.mobile.anonymous:456|ms
frontend.navtiming.loadEventStart.mobile.anonymous:5924|ms
frontend.navtiming.loadEventStart.mobile.overall:2381|ms
frontend.navtiming.loadEventStart.mobile.overall:2880|ms
frontend.navtiming.loadEventStart.mobile.overall:343|ms
frontend.navtiming.loadEventStart.mobile.overall:456|ms
frontend.navtiming.loadEventStart.mobile.overall:5924|ms
frontend.navtiming.loadEventStart.overall:1472|ms
frontend.navtiming.loadEventStart.overall:2381|ms
frontend.navtiming.loadEventStart.overall:2880|ms
frontend.navtiming.loadEventStart.overall:343|ms
frontend.navtiming.loadEventStart.overall:456|ms
frontend.navtiming.loadEventStart.overall:5513|ms
frontend.navtiming.loadEventStart.overall:5924|ms
frontend.navtiming.mediaWikiLoadComplete.by_browser.Chrome.60:2360|ms
frontend.navtiming.mediaWikiLoadComplete.by_browser.Chrome.all:2360|ms
frontend.navtiming.mediaWikiLoadComplete.by_browser.Chrome_Mobile.30:1322|ms
frontend.navtiming.mediaWikiLoadComplete.by_browser.Chrome_Mobile.57:3129|ms
frontend.navtiming.mediaWikiLoadComplete.by_browser.Chrome_Mobile.59:1697|ms
frontend.navtiming.mediaWikiLoadComplete.by_browser.Chrome_Mobile.all:1322|ms
frontend.navtiming.mediaWikiLoadComplete.by_browser.Chrome_Mobile.all:1697|ms
frontend.navtiming.mediaWikiLoadComplete.by_browser.Chrome_Mobile.all:3129|ms
frontend.navtiming.mediaWikiLoadComplete.by_browser.Mobile_Safari.10_0:1253|ms
frontend.navtiming.mediaWikiLoadComplete.by_browser.Mobile_Safari.10_0:131|ms
frontend.navtiming.mediaWikiLoadComplete.by_browser.Mobile_Safari.all:1253|ms
frontend.navtiming.mediaWikiLoadComplete.by_browser.Mobile_Safari.all:131|ms
frontend.navtiming.mediaWikiLoadComplete.by_browser.Other._:1625|ms
frontend.navtiming.mediaWikiLoadComplete.by_browser.Other.all:1625|ms
frontend.navtiming.mediaWikiLoadComplete.by_browser.iOS_other.8:4920|ms
frontend.navtiming.mediaWikiLoadComplete.by_browser.iOS_other.all:4920|ms
frontend.navtiming.mediaWikiLoadComplete.by_continent.Asia:1322|ms
frontend.navtiming.mediaWikiLoadComplete.by_continent.Europe:1253|ms
frontend.navtiming.mediaWikiLoadComplete.by_continent.Europe:1697|ms
frontend.navtiming.mediaWikiLoadComplete.by_continent.Europe:2360|ms
frontend.navtiming.mediaWikiLoadComplete.by_continent.Europe:4920|ms
frontend.navtiming.mediaWikiLoadComplete.by_continent.North_America:131|ms
frontend.navtiming.mediaWikiLoadComplete.by_continent.North_America:1625|ms
frontend.navtiming.mediaWikiLoadComplete.by_continent.South_America:3129|ms
frontend.navtiming.mediaWikiLoadComplete.by_country.Argentina:3129|ms
frontend.navtiming.mediaWikiLoadComplete.by_country.Canada:1625|ms
frontend.navtiming.mediaWikiLoadComplete.by_country.France:2360|ms
frontend.navtiming.mediaWikiLoadComplete.by_country.Italy:1697|ms
frontend.navtiming.mediaWikiLoadComplete.by_country.United_Kingdom:1253|ms
frontend.navtiming.mediaWikiLoadComplete.by_country.United_Kingdom:4920|ms
frontend.navtiming.mediaWikiLoadComplete.by_country.United_States:131|ms
frontend.navtiming.mediaWikiLoadComplete.desktop.anonymous:2360|ms
frontend.navtiming.mediaWikiLoadComplete.desktop.anonymous:4920|ms
frontend.navtiming.mediaWikiLoadComplete.desktop.overall:2360|ms
frontend.navtiming.mediaWikiLoadComplete.desktop.overall:4920|ms
frontend.navtiming.mediaWikiLoadComplete.mobile.anonymous:1253|ms
frontend.navtiming.mediaWikiLoadComplete.mobile.anonymous:131|ms
frontend.navtiming.mediaWikiLoadComplete.mobile.anonymous:1322|ms
frontend.navtiming.mediaWikiLoadComplete.mobile.anonymous:1625|ms
frontend.navtiming.mediaWikiLoadComplete.mobile.anonymous:1697|ms
frontend.navtiming.mediaWikiLoadComplete.mobile.anonymous:3129|ms
frontend.navtiming.mediaWikiLoadComplete.mobile.overall:1253|ms
frontend.navtiming.mediaWikiLoadComplete.mobile.overall:131|ms
frontend.navtiming.mediaWikiLoadComplete.mobile.overall:1322|ms
frontend.navtiming.mediaWikiLoadComplete.mobile.overall:1625|ms
frontend.navtiming.mediaWikiLoadComplete.mobile.overall:1697|ms
frontend.navtiming.mediaWikiLoadComplete.mobile.overall:3129|ms
frontend.navtiming.mediaWikiLoadComplete.overall:1253|ms
frontend.navtiming.mediaWikiLoadComplete.overall:131|ms
frontend.navtiming.mediaWikiLoadComplete.overall:1322|ms
frontend.navtiming.mediaWikiLoadComplete.overall:1625|ms
frontend.navtiming.mediaWikiLoadComplete.overall:1697|ms
frontend.navtiming.mediaWikiLoadComplete.overall:2360|ms
frontend.navtiming.mediaWikiLoadComplete.overall:3129|ms
frontend.navtiming.mediaWikiLoadComplete.overall:4920|ms
frontend.navtiming.receiving.by_browser.Chrome.60:54|ms
frontend.navtiming.receiving.by_browser.Chrome.all:54|ms
frontend.navtiming.receiving.by_browser.Chrome_Mobile.57:10|ms
frontend.navtiming.receiving.by_browser.Chrome_Mobile.59:709|ms
frontend.navtiming.receiving.by_browser.Chrome_Mobile.all:10|ms
frontend.navtiming.receiving.by_browser.Chrome_Mobile.all:709|ms
frontend.navtiming.receiving.by_browser.Mobile_Safari.10_0:208|ms
frontend.navtiming.receiving.by_browser.Mobile_Safari.10_0:37|ms
frontend.navtiming.receiving.by_browser.Mobile_Safari.all:208|ms
frontend.navtiming.receiving.by_browser.Mobile_Safari.all:37|ms
frontend.navtiming.receiving.by_browser.Other._:51|ms
frontend.navtiming.receiving.by_browser.Other.all:51|ms
frontend.navtiming.receiving.by_browser.iOS_other.8:338|ms
frontend.navtiming.receiving.by_browser.iOS_other.all:338|ms
frontend.navtiming.receiving.by_continent.Europe:208|ms
frontend.navtiming.receiving.by_continent.Europe:338|ms
frontend.navtiming.receiving.by_continent.Europe:54|ms
frontend.navtiming.receiving.by_continent.Europe:709|ms
frontend.navtiming.receiving.by_continent.North_America:37|ms
frontend.navtiming.receiving.by_continent.North_America:51|ms
frontend.navtiming.receiving.by_continent.South_America:10|ms
frontend.navtiming.receiving.by_country.Argentina:10|ms
frontend.navtiming.receiving.by_country.Canada:51|ms
frontend.navtiming.receiving.by_country.France:54|ms
frontend.navtiming.receiving.by_country.Italy:709|ms
frontend.navtiming.receiving.by_country.United_Kingdom:208|ms
frontend.navtiming.receiving.by_country.United_Kingdom:338|ms
frontend.navtiming.receiving.by_country.United_States:37|ms
frontend.navtiming.receiving.desktop.anonymous:338|ms
frontend.navtiming.receiving.desktop.anonymous:54|ms
frontend.navtiming.receiving.desktop.overall:338|ms
frontend.navtiming.receiving.desktop.overall:54|ms
frontend.navtiming.receiving.mobile.anonymous:10|ms
frontend.navtiming.receiving.mobile.anonymous:208|ms
frontend.navtiming.receiving.mobile.anonymous:37|ms
frontend.navtiming.receiving.mobile.anonymous:51|ms
frontend.navtiming.receiving.mobile.anonymous:709|ms
frontend.navtiming.receiving.mobile.overall:10|ms
frontend.navtiming.receiving.mobile.overall:208|ms
frontend.navtiming.receiving.mobile.overall:37|ms
frontend.navtiming.receiving.mobile.overall:51|ms
frontend.navtiming.receiving.mobile.overall:709|ms
frontend.navtiming.receiving.overall:10|ms
frontend.navtiming.receiving.overall:208|ms
frontend.navtiming.receiving.overall:338|ms
frontend.navtiming.receiving.overall:37|ms
frontend.navtiming.receiving.overall:51|ms
frontend.navtiming.receiving.overall:54|ms
frontend.navtiming.receiving.overall:709|ms
frontend.navtiming.responseStart.by_browser.Chrome.60:212|ms
frontend.navtiming.responseStart.by_browser.Chrome.all:212|ms
frontend.navtiming.responseStart.by_browser.Chrome_Mobile.57:349|ms
frontend.navtiming.responseStart.by_browser.Chrome_Mobile.59:280|ms
frontend.navtiming.responseStart.by_browser.Chrome_Mobile.all:280|ms
frontend.navtiming.responseStart.by_browser.Chrome_Mobile.all:349|ms
frontend.navtiming.responseStart.by_browser.Mobile_Safari.10_0:124|ms
frontend.navtiming.responseStart.by_browser.Mobile_Safari.10_0:625|ms
frontend.navtiming.responseStart.by_browser.Mobile_Safari.all:124|ms
frontend.navtiming.responseStart.by_browser.Mobile_Safari.all:625|ms
frontend.navtiming.responseStart.by_browser.Other._:92|ms
frontend.navtiming.responseStart.by_browser.Other.all:92|ms
frontend.navtiming.responseStart.by_browser.iOS_other.8:232|ms
frontend.navtiming.responseStart.by_browser.iOS_other.all:232|ms
frontend.navtiming.responseStart.by_continent.Europe:212|ms
frontend.navtiming.responseStart.by_continent.Europe:232|ms
frontend.navtiming.responseStart.by_continent.Europe:280|ms
frontend.navtiming.responseStart.by_continent.Europe:625|ms
frontend.navtiming.responseStart.by_continent.North_America:124|ms
frontend.navtiming.responseStart.by_continent.North_America:92|ms
frontend.navtiming.responseStart.by_continent.South_America:349|ms
frontend.navtiming.responseStart.by_country.Argentina:349|ms
frontend.navtiming.responseStart.by_country.Canada:92|ms
frontend.navtiming.responseStart.by_country.France:212|ms
frontend.navtiming.responseStart.by_country.Italy:280|ms
frontend.navtiming.responseStart.by_country.United_Kingdom:232|ms
frontend.navtiming.responseStart.by_country.United_Kingdom:625|ms
frontend.navtiming.responseStart.by_country.United_States:124|ms
frontend.navtiming.responseStart.desktop.anonymous:212|ms
frontend.navtiming.responseStart.desktop.anonymous:232|ms
frontend.navtiming.responseStart.desktop.overall:212|ms
frontend.navtiming.responseStart.desktop.overall:232|ms
frontend.navtiming.responseStart.mobile.anonymous:124|ms
frontend.navtiming.responseStart.mobile.anonymous:280|ms
frontend.navtiming.responseStart.mobile.anonymous:349|ms
frontend.navtiming.responseStart.mobile.anonymous:625|ms
frontend.navtiming.responseStart.mobile.anonymous:92|ms
frontend.navtiming.responseStart.mobile.overall:124|ms
frontend.navtiming.responseStart.mobile.overall:280|ms
frontend.navtiming.responseStart.mobile.overall:349|ms
frontend.navtiming.responseStart.mobile.overall:625|ms
frontend.navtiming.responseStart.mobile.overall:92|ms
frontend.navtiming.responseStart.overall:124|ms
frontend.navtiming.responseStart.overall:212|ms
frontend.navtiming.responseStart.overall:232|ms
frontend.navtiming.responseStart.overall:280|ms
frontend.navtiming.responseStart.overall:349|ms
frontend.navtiming.responseStart.overall:625|ms
frontend.navtiming.responseStart.overall:92|ms
frontend.navtiming.sslNegotiation.by_browser.Chrome.30:585|ms
frontend.navtiming.sslNegotiation.by_browser.Chrome.all:585|ms
frontend.navtiming.sslNegotiation.by_browser.Chrome_Mobile.49:110|ms
frontend.navtiming.sslNegotiation.by_browser.Chrome_Mobile.59:1285|ms
frontend.navtiming.sslNegotiation.by_browser.Chrome_Mobile.59:91|ms
frontend.navtiming.sslNegotiation.by_browser.Chrome_Mobile.all:110|ms
frontend.navtiming.sslNegotiation.by_browser.Chrome_Mobile.all:1285|ms
frontend.navtiming.sslNegotiation.by_browser.Chrome_Mobile.all:91|ms
frontend.navtiming.sslNegotiation.by_browser.Mobile_Safari.10_0:116|ms
frontend.navtiming.sslNegotiation.by_browser.Mobile_Safari.all:116|ms
frontend.navtiming.sslNegotiation.by_continent.Europe:110|ms
frontend.navtiming.sslNegotiation.by_continent.Europe:116|ms
frontend.navtiming.sslNegotiation.by_continent.Europe:1285|ms
frontend.navtiming.sslNegotiation.by_continent.Europe:91|ms
frontend.navtiming.sslNegotiation.by_country.France:110|ms
frontend.navtiming.sslNegotiation.by_country.France:116|ms
frontend.navtiming.sslNegotiation.by_country.Germany:1285|ms
frontend.navtiming.sslNegotiation.by_country.Italy:91|ms
frontend.navtiming.sslNegotiation.mobile.anonymous:110|ms
frontend.navtiming.sslNegotiation.mobile.anonymous:116|ms
frontend.navtiming.sslNegotiation.mobile.anonymous:1285|ms
frontend.navtiming.sslNegotiation.mobile.anonymous:585|ms
frontend.navtiming.sslNegotiation.mobile.anonymous:91|ms
frontend.navtiming.sslNegotiation.mobile.overall:110|ms
frontend.navtiming.sslNegotiation.mobile.overall:116|ms
frontend.navtiming.sslNegotiation.mobile.overall:1285|ms
frontend.navtiming.sslNegotiation.mobile.overall:585|ms
frontend.navtiming.sslNegotiation.mobile.overall:91|ms
frontend.navtiming.sslNegotiation.overall:110|ms
frontend.navtiming.sslNegotiation.overall:116|ms
frontend.navtiming.sslNegotiation.overall:1285|ms
frontend.navtiming.sslNegotiation.overall:585|ms
frontend.navtiming.sslNegotiation.overall:91|ms
frontend.navtiming.waiting.by_browser.Chrome.60:196|ms
frontend.navtiming.waiting.by_browser.Chrome.all:196|ms
frontend.navtiming.waiting.by_browser.Chrome_Mobile.57:206|ms
frontend.navtiming.waiting.by_browser.Chrome_Mobile.59:102|ms
frontend.navtiming.waiting.by_browser.Chrome_Mobile.all:102|ms
frontend.navtiming.waiting.by_browser.Chrome_Mobile.all:206|ms
frontend.navtiming.waiting.by_browser.Mobile_Safari.10_0:624|ms
frontend.navtiming.waiting.by_browser.Mobile_Safari.all:624|ms
frontend.navtiming.waiting.by_browser.Other._:71|ms
frontend.navtiming.waiting.by_browser.Other.all:71|ms
frontend.navtiming.waiting.by_browser.iOS_other.8:231|ms
frontend.navtiming.waiting.by_browser.iOS_other.all:231|ms
frontend.navtiming.waiting.by_continent.Europe:102|ms
frontend.navtiming.waiting.by_continent.Europe:196|ms
frontend.navtiming.waiting.by_continent.Europe:231|ms
frontend.navtiming.waiting.by_continent.Europe:624|ms
frontend.navtiming.waiting.by_continent.North_America:71|ms
frontend.navtiming.waiting.by_continent.South_America:206|ms
frontend.navtiming.waiting.by_country.Argentina:206|ms
frontend.navtiming.waiting.by_country.Canada:71|ms
frontend.navtiming.waiting.by_country.France:196|ms
frontend.navtiming.waiting.by_country.Italy:102|ms
frontend.navtiming.waiting.by_country.United_Kingdom:231|ms
frontend.navtiming.waiting.by_country.United_Kingdom:624|ms
frontend.navtiming.waiting.desktop.anonymous:196|ms
frontend.navtiming.waiting.desktop.anonymous:231|ms
frontend.navtiming.waiting.desktop.overall:196|ms
frontend.navtiming.waiting.desktop.overall:231|ms
frontend.navtiming.waiting.mobile.anonymous:102|ms
frontend.navtiming.waiting.mobile.anonymous:206|ms
frontend.navtiming.waiting.mobile.anonymous:624|ms
frontend.navtiming.waiting.mobile.anonymous:71|ms
frontend.navtiming.waiting.mobile.overall:102|ms
frontend.navtiming.waiting.mobile.overall:206|ms
frontend.navtiming.waiting.mobile.overall:624|ms
frontend.navtiming.waiting.mobile.overall:71|ms
frontend.navtiming.waiting.overall:102|ms
frontend.navtiming.waiting.overall:196|ms
frontend.navtiming.waiting.overall:206|ms
frontend.navtiming.waiting.overall:231|ms
frontend.navtiming.waiting.overall:624|ms
frontend.navtiming.waiting.overall:71|ms
mw.performance.save:1042|ms
mw.performance.save:1452|ms
mw.performance.save:2193|ms
mw.performance.save:2495|ms
mw.performance.save:2526|ms
mw.performance.save:2729|ms
mw.performance.save:620|ms
mw.performance.save:627|ms
mw.performance.save:636|ms
mw.performance.save_by_version.1_30_0-wmf_14:1042|ms
mw.performance.save_by_version.1_30_0-wmf_14:1452|ms
mw.performance.save_by_version.1_30_0-wmf_14:2193|ms
mw.performance.save_by_version.1_30_0-wmf_14:2495|ms
mw.performance.save_by_version.1_30_0-wmf_14:2526|ms
mw.performance.save_by_version.1_30_0-wmf_14:2729|ms
mw.performance.save_by_version.1_30_0-wmf_14:620|ms
mw.performance.save_by_version.1_30_0-wmf_14:627|ms
mw.performance.save_by_version.1_30_0-wmf_14:636|ms
